// Jest Snapshot v1, https://goo.gl/fbAQLP

exports[`Testing Chat event generator renders the UI of a message as expected 1`] = `
<li
  className="chatEvent"
>
  <div
    className="message-container"
  >
    <img
      alt="avatar for user"
      src="https://robohash.org/utlaborumfugit.jpg?size=200x200&set=set1"
    />
    <div>
      <h6>
        Axe Kubicka
      </h6>
       
      <span>
        4:50:46 AM
      </span>
      <p>
        Hello world
      </p>
    </div>
  </div>
</li>
`;

exports[`Testing Chat event generator renders the UI of a thumbs up as expected 1`] = `
<li
  className="chatEvent"
>
  <span>
    <strong>
      Caty Flucker
    </strong>
     gave a thumbs up.
  </span>
</li>
`;
