// Jest Snapshot v1, https://goo.gl/fbAQLP

exports[`Testing Particpant generator renders the UI as expected 1`] = `
<div
  className="participant"
>
  <img
    alt="user avatar"
    src="https://robohash.org/itaquevoluptatumrerum.jpg?size=200x200&set=set1"
  />
  <div>
    <p
      className="msg-name"
    >
      Koren Templeton
    </p>
    <p
      className="session-indicator"
    >
      in session
    </p>
  </div>
</div>
`;
