// Jest Snapshot v1, https://goo.gl/fbAQLP

exports[`Testing participant list renders the UI as expected 1`] = `
<section
  className="participant-list"
>
  <div
    className="participant"
  >
    <img
      alt="user avatar"
      src="https://robohash.org/itaquevoluptatumrerum.jpg?size=200x200&set=set1"
    />
    <div>
      <p
        className="msg-name"
      >
        Koren Templeton
      </p>
      <p
        className="session-indicator"
      >
        in session
      </p>
    </div>
  </div>
  <div
    className="participant"
  >
    <img
      alt="user avatar"
      src="https://robohash.org/doloredolorescupiditate.jpg?size=200x200&set=set1"
    />
    <div>
      <p
        className="msg-name"
      >
        Caty Flucker
      </p>
      <p
        className="session-indicator"
      >
        in session
      </p>
    </div>
  </div>
  <div
    className="participant"
  >
    <img
      alt="user avatar"
      src="https://robohash.org/etexercitationemassumenda.jpg?size=200x200&set=set1"
    />
    <div>
      <p
        className="msg-name"
      >
        Frank Runciman
      </p>
      <p
        className="session-indicator"
      >
        in session
      </p>
    </div>
  </div>
  <div
    className="participant"
  >
    <img
      alt="user avatar"
      src="https://robohash.org/iustodoloremqueinventore.jpg?size=200x200&set=set1"
    />
    <div>
      <p
        className="msg-name"
      >
        Ashla Attwool
      </p>
      <p
        className="session-indicator"
      >
        in session
      </p>
    </div>
  </div>
  <div
    className="participant"
  >
    <img
      alt="user avatar"
      src="https://robohash.org/utlaborumfugit.jpg?size=200x200&set=set1"
    />
    <div>
      <p
        className="msg-name"
      >
        Axe Kubicka
      </p>
      <p
        className="disabled session-indicator"
      >
        not in session
      </p>
    </div>
  </div>
</section>
`;
